TEST
ERROR
